Java HotSpot(TM) 64-Bit Server VM (25.131-b11) for bsd-amd64 JRE (1.8.0_131-b11), built on Mar 15 2017 01:32:22 by "java_re" with gcc 4.2.1 (Based on Apple Inc. build 5658) (LLVM build 2336.11.00)
Memory: 4k page, physical 4194304k(315444k free)

/proc/meminfo:

CommandLine flags: -XX:+DisableExplicitGC -XX:InitialHeapSize=1073741824 -XX:InitiatingHeapOccupancyPercent=35 -XX:+ManagementServer -XX:MaxGCPauseMillis=20 -XX:MaxHeapSize=1073741824 -XX:+PrintGC -XX:+PrintGCDateStamps -XX:+PrintGCDetails -XX:+PrintGCTimeStamps -XX:+UseCompressedClassPointers -XX:+UseCompressedOops -XX:+UseG1GC 
2017-04-29T15:36:56.698+0800: 11.248: [GC pause (G1 Evacuation Pause) (young), 0.0125899 secs]
   [Parallel Time: 7.4 ms, GC Workers: 4]
      [GC Worker Start (ms): Min: 11247.6, Avg: 11247.8, Max: 11248.5, Diff: 0.8]
      [Ext Root Scanning (ms): Min: 0.0, Avg: 1.1, Max: 2.1, Diff: 2.1, Sum: 4.5]
      [Update RS (ms): Min: 0.0, Avg: 0.0, Max: 0.0, Diff: 0.0, Sum: 0.0]
         [Processed Buffers: Min: 0, Avg: 0.0, Max: 0, Diff: 0, Sum: 0]
      [Scan RS (ms): Min: 0.0, Avg: 0.0, Max: 0.0, Diff: 0.0, Sum: 0.0]
      [Code Root Scanning (ms): Min: 0.0, Avg: 0.4, Max: 0.9, Diff: 0.9, Sum: 1.7]
      [Object Copy (ms): Min: 5.1, Avg: 5.3, Max: 5.4, Diff: 0.3, Sum: 21.0]
      [Termination (ms): Min: 0.0, Avg: 0.0, Max: 0.0, Diff: 0.0, Sum: 0.0]
         [Termination Attempts: Min: 1, Avg: 4.2, Max: 7, Diff: 6, Sum: 17]
      [GC Worker Other (ms): Min: 0.0, Avg: 0.3, Max: 1.1, Diff: 1.1, Sum: 1.2]
      [GC Worker Total (ms): Min: 6.5, Avg: 7.1, Max: 7.3, Diff: 0.8, Sum: 28.4]
      [GC Worker End (ms): Min: 11254.9, Avg: 11254.9, Max: 11255.0, Diff: 0.0]
   [Code Root Fixup: 0.2 ms]
   [Code Root Purge: 0.1 ms]
   [Clear CT: 0.3 ms]
   [Other: 4.6 ms]
      [Choose CSet: 0.0 ms]
      [Ref Proc: 4.1 ms]
      [Ref Enq: 0.1 ms]
      [Redirty Cards: 0.2 ms]
      [Humongous Register: 0.0 ms]
      [Humongous Reclaim: 0.0 ms]
      [Free CSet: 0.1 ms]
   [Eden: 51.0M(51.0M)->0.0B(44.0M) Survivors: 0.0B->7168.0K Heap: 51.0M(1024.0M)->7517.5K(1024.0M)]
 [Times: user=0.03 sys=0.01, real=0.02 secs] 
2017-04-29T15:36:57.143+0800: 11.693: [GC pause (G1 Evacuation Pause) (young), 0.0115973 secs]
   [Parallel Time: 8.8 ms, GC Workers: 4]
      [GC Worker Start (ms): Min: 11693.0, Avg: 11693.0, Max: 11693.0, Diff: 0.0]
      [Ext Root Scanning (ms): Min: 1.9, Avg: 4.2, Max: 8.6, Diff: 6.7, Sum: 16.7]
      [Update RS (ms): Min: 0.0, Avg: 0.0, Max: 0.1, Diff: 0.1, Sum: 0.1]
         [Processed Buffers: Min: 0, Avg: 0.2, Max: 1, Diff: 1, Sum: 1]
      [Scan RS (ms): Min: 0.0, Avg: 0.0, Max: 0.0, Diff: 0.0, Sum: 0.0]
      [Code Root Scanning (ms): Min: 0.0, Avg: 0.5, Max: 1.6, Diff: 1.6, Sum: 1.8]
      [Object Copy (ms): Min: 0.0, Avg: 3.8, Max: 6.3, Diff: 6.3, Sum: 15.3]
      [Termination (ms): Min: 0.0, Avg: 0.2, Max: 0.2, Diff: 0.2, Sum: 0.6]
         [Termination Attempts: Min: 1, Avg: 1.5, Max: 3, Diff: 2, Sum: 6]
      [GC Worker Other (ms): Min: 0.0, Avg: 0.0, Max: 0.0, Diff: 0.0, Sum: 0.0]
      [GC Worker Total (ms): Min: 8.7, Avg: 8.7, Max: 8.7, Diff: 0.0, Sum: 34.7]
      [GC Worker End (ms): Min: 11701.7, Avg: 11701.7, Max: 11701.7, Diff: 0.0]
   [Code Root Fixup: 0.4 ms]
   [Code Root Purge: 0.0 ms]
   [Clear CT: 0.1 ms]
   [Other: 2.3 ms]
      [Choose CSet: 0.0 ms]
      [Ref Proc: 1.8 ms]
      [Ref Enq: 0.0 ms]
      [Redirty Cards: 0.1 ms]
      [Humongous Register: 0.0 ms]
      [Humongous Reclaim: 0.0 ms]
      [Free CSet: 0.2 ms]
   [Eden: 44.0M(44.0M)->0.0B(45.0M) Survivors: 7168.0K->6144.0K Heap: 51.3M(1024.0M)->6493.5K(1024.0M)]
 [Times: user=0.04 sys=0.00, real=0.01 secs] 
2017-04-29T15:37:02.288+0800: 16.837: [GC pause (G1 Evacuation Pause) (young), 0.0095612 secs]
   [Parallel Time: 7.8 ms, GC Workers: 4]
      [GC Worker Start (ms): Min: 16837.5, Avg: 16837.5, Max: 16837.5, Diff: 0.1]
      [Ext Root Scanning (ms): Min: 0.4, Avg: 0.8, Max: 1.6, Diff: 1.3, Sum: 3.2]
      [Update RS (ms): Min: 0.0, Avg: 0.0, Max: 0.1, Diff: 0.1, Sum: 0.1]
         [Processed Buffers: Min: 0, Avg: 0.2, Max: 1, Diff: 1, Sum: 1]
      [Scan RS (ms): Min: 0.0, Avg: 0.0, Max: 0.0, Diff: 0.0, Sum: 0.1]
      [Code Root Scanning (ms): Min: 0.0, Avg: 1.0, Max: 2.8, Diff: 2.8, Sum: 4.1]
      [Object Copy (ms): Min: 4.1, Avg: 5.8, Max: 6.7, Diff: 2.6, Sum: 23.2]
      [Termination (ms): Min: 0.0, Avg: 0.0, Max: 0.0, Diff: 0.0, Sum: 0.0]
         [Termination Attempts: Min: 1, Avg: 5.2, Max: 8, Diff: 7, Sum: 21]
      [GC Worker Other (ms): Min: 0.0, Avg: 0.0, Max: 0.0, Diff: 0.0, Sum: 0.1]
      [GC Worker Total (ms): Min: 7.6, Avg: 7.7, Max: 7.7, Diff: 0.1, Sum: 30.7]
      [GC Worker End (ms): Min: 16845.2, Avg: 16845.2, Max: 16845.2, Diff: 0.0]
   [Code Root Fixup: 0.8 ms]
   [Code Root Purge: 0.0 ms]
   [Clear CT: 0.1 ms]
   [Other: 0.9 ms]
      [Choose CSet: 0.0 ms]
      [Ref Proc: 0.5 ms]
      [Ref Enq: 0.0 ms]
      [Redirty Cards: 0.1 ms]
      [Humongous Register: 0.0 ms]
      [Humongous Reclaim: 0.0 ms]
      [Free CSet: 0.2 ms]
   [Eden: 45.0M(45.0M)->0.0B(44.0M) Survivors: 6144.0K->7168.0K Heap: 179.3M(1024.0M)->135.3M(1024.0M)]
 [Times: user=0.03 sys=0.00, real=0.01 secs] 
2017-04-29T15:37:02.658+0800: 17.208: [GC pause (G1 Evacuation Pause) (young), 0.0112663 secs]
   [Parallel Time: 9.1 ms, GC Workers: 4]
      [GC Worker Start (ms): Min: 17208.2, Avg: 17208.3, Max: 17208.3, Diff: 0.1]
      [Ext Root Scanning (ms): Min: 1.0, Avg: 1.5, Max: 2.4, Diff: 1.4, Sum: 6.1]
      [Update RS (ms): Min: 0.0, Avg: 0.0, Max: 0.1, Diff: 0.1, Sum: 0.1]
         [Processed Buffers: Min: 0, Avg: 0.2, Max: 1, Diff: 1, Sum: 1]
      [Scan RS (ms): Min: 0.0, Avg: 0.0, Max: 0.0, Diff: 0.0, Sum: 0.1]
      [Code Root Scanning (ms): Min: 0.0, Avg: 1.1, Max: 2.2, Diff: 2.2, Sum: 4.4]
      [Object Copy (ms): Min: 5.5, Avg: 6.3, Max: 7.3, Diff: 1.8, Sum: 25.1]
      [Termination (ms): Min: 0.0, Avg: 0.1, Max: 0.1, Diff: 0.1, Sum: 0.4]
         [Termination Attempts: Min: 1, Avg: 4.8, Max: 7, Diff: 6, Sum: 19]
      [GC Worker Other (ms): Min: 0.0, Avg: 0.0, Max: 0.0, Diff: 0.0, Sum: 0.1]
      [GC Worker Total (ms): Min: 9.0, Avg: 9.1, Max: 9.1, Diff: 0.1, Sum: 36.2]
      [GC Worker End (ms): Min: 17217.3, Avg: 17217.3, Max: 17217.3, Diff: 0.0]
   [Code Root Fixup: 0.9 ms]
   [Code Root Purge: 0.0 ms]
   [Clear CT: 0.1 ms]
   [Other: 1.1 ms]
      [Choose CSet: 0.0 ms]
      [Ref Proc: 0.6 ms]
      [Ref Enq: 0.0 ms]
      [Redirty Cards: 0.1 ms]
      [Humongous Register: 0.0 ms]
      [Humongous Reclaim: 0.0 ms]
      [Free CSet: 0.2 ms]
   [Eden: 44.0M(44.0M)->0.0B(46.0M) Survivors: 7168.0K->5120.0K Heap: 179.3M(1024.0M)->135.4M(1024.0M)]
 [Times: user=0.04 sys=0.00, real=0.02 secs] 
2017-04-29T15:37:02.853+0800: 17.403: [GC pause (G1 Evacuation Pause) (young), 0.0043742 secs]
   [Parallel Time: 3.6 ms, GC Workers: 4]
      [GC Worker Start (ms): Min: 17403.3, Avg: 17403.3, Max: 17403.4, Diff: 0.0]
      [Ext Root Scanning (ms): Min: 0.3, Avg: 0.4, Max: 0.7, Diff: 0.3, Sum: 1.7]
      [Update RS (ms): Min: 0.1, Avg: 0.3, Max: 0.6, Diff: 0.5, Sum: 1.1]
         [Processed Buffers: Min: 1, Avg: 2.5, Max: 5, Diff: 4, Sum: 10]
      [Scan RS (ms): Min: 0.0, Avg: 0.2, Max: 0.4, Diff: 0.4, Sum: 1.0]
      [Code Root Scanning (ms): Min: 0.0, Avg: 0.3, Max: 0.8, Diff: 0.8, Sum: 1.3]
      [Object Copy (ms): Min: 1.8, Avg: 2.2, Max: 2.5, Diff: 0.7, Sum: 8.8]
      [Termination (ms): Min: 0.0, Avg: 0.0, Max: 0.0, Diff: 0.0, Sum: 0.0]
         [Termination Attempts: Min: 1, Avg: 1.0, Max: 1, Diff: 0, Sum: 4]
      [GC Worker Other (ms): Min: 0.0, Avg: 0.0, Max: 0.0, Diff: 0.0, Sum: 0.1]
      [GC Worker Total (ms): Min: 3.5, Avg: 3.5, Max: 3.5, Diff: 0.1, Sum: 14.1]
      [GC Worker End (ms): Min: 17406.8, Avg: 17406.8, Max: 17406.9, Diff: 0.0]
   [Code Root Fixup: 0.3 ms]
   [Code Root Purge: 0.0 ms]
   [Clear CT: 0.1 ms]
   [Other: 0.4 ms]
      [Choose CSet: 0.0 ms]
      [Ref Proc: 0.1 ms]
      [Ref Enq: 0.0 ms]
      [Redirty Cards: 0.1 ms]
      [Humongous Register: 0.0 ms]
      [Humongous Reclaim: 0.0 ms]
      [Free CSet: 0.1 ms]
   [Eden: 46.0M(46.0M)->0.0B(47.0M) Survivors: 5120.0K->4096.0K Heap: 181.4M(1024.0M)->134.8M(1024.0M)]
 [Times: user=0.02 sys=0.00, real=0.00 secs] 
2017-04-29T15:37:02.942+0800: 17.491: [GC pause (Metadata GC Threshold) (young) (initial-mark), 0.0051619 secs]
   [Parallel Time: 4.3 ms, GC Workers: 4]
      [GC Worker Start (ms): Min: 17491.5, Avg: 17491.7, Max: 17492.3, Diff: 0.9]
      [Ext Root Scanning (ms): Min: 0.0, Avg: 0.8, Max: 1.3, Diff: 1.3, Sum: 3.2]
      [Update RS (ms): Min: 0.0, Avg: 0.2, Max: 0.5, Diff: 0.5, Sum: 0.8]
         [Processed Buffers: Min: 0, Avg: 2.0, Max: 4, Diff: 4, Sum: 8]
      [Scan RS (ms): Min: 0.0, Avg: 0.0, Max: 0.0, Diff: 0.0, Sum: 0.0]
      [Code Root Scanning (ms): Min: 0.0, Avg: 0.8, Max: 2.0, Diff: 2.0, Sum: 3.2]
      [Object Copy (ms): Min: 1.1, Avg: 2.2, Max: 2.9, Diff: 1.7, Sum: 8.8]
      [Termination (ms): Min: 0.0, Avg: 0.0, Max: 0.0, Diff: 0.0, Sum: 0.0]
         [Termination Attempts: Min: 1, Avg: 1.0, Max: 1, Diff: 0, Sum: 4]
      [GC Worker Other (ms): Min: 0.0, Avg: 0.0, Max: 0.0, Diff: 0.0, Sum: 0.1]
      [GC Worker Total (ms): Min: 3.4, Avg: 4.0, Max: 4.2, Diff: 0.8, Sum: 16.1]
      [GC Worker End (ms): Min: 17495.7, Avg: 17495.7, Max: 17495.7, Diff: 0.0]
   [Code Root Fixup: 0.3 ms]
   [Code Root Purge: 0.0 ms]
   [Clear CT: 0.1 ms]
   [Other: 0.5 ms]
      [Choose CSet: 0.0 ms]
      [Ref Proc: 0.2 ms]
      [Ref Enq: 0.0 ms]
      [Redirty Cards: 0.1 ms]
      [Humongous Register: 0.0 ms]
      [Humongous Reclaim: 0.0 ms]
      [Free CSet: 0.1 ms]
   [Eden: 20.0M(47.0M)->0.0B(47.0M) Survivors: 4096.0K->4096.0K Heap: 154.8M(1024.0M)->134.6M(1024.0M)]
 [Times: user=0.02 sys=0.00, real=0.00 secs] 
2017-04-29T15:37:02.947+0800: 17.497: [GC concurrent-root-region-scan-start]
2017-04-29T15:37:02.950+0800: 17.500: [GC concurrent-root-region-scan-end, 0.0036000 secs]
2017-04-29T15:37:02.951+0800: 17.500: [GC concurrent-mark-start]
2017-04-29T15:37:02.960+0800: 17.510: [GC concurrent-mark-end, 0.0094269 secs]
2017-04-29T15:37:02.960+0800: 17.510: [GC remark 2017-04-29T15:37:02.960+0800: 17.510: [Finalize Marking, 0.0001242 secs] 2017-04-29T15:37:02.960+0800: 17.510: [GC ref-proc, 0.0000809 secs] 2017-04-29T15:37:02.960+0800: 17.510: [Unloading, 0.0038510 secs], 0.0058041 secs]
 [Times: user=0.02 sys=0.00, real=0.00 secs] 
2017-04-29T15:37:02.967+0800: 17.517: [GC cleanup 136M->136M(1024M), 0.0008610 secs]
 [Times: user=0.00 sys=0.00, real=0.00 secs] 
2017-04-29T15:37:03.183+0800: 17.733: [GC pause (G1 Evacuation Pause) (young), 0.0067194 secs]
   [Parallel Time: 5.6 ms, GC Workers: 4]
      [GC Worker Start (ms): Min: 17733.4, Avg: 17733.7, Max: 17734.8, Diff: 1.5]
      [Ext Root Scanning (ms): Min: 0.0, Avg: 0.6, Max: 1.0, Diff: 1.0, Sum: 2.4]
      [Update RS (ms): Min: 0.0, Avg: 0.2, Max: 0.4, Diff: 0.4, Sum: 0.9]
         [Processed Buffers: Min: 0, Avg: 2.2, Max: 6, Diff: 6, Sum: 9]
      [Scan RS (ms): Min: 0.0, Avg: 0.0, Max: 0.0, Diff: 0.0, Sum: 0.0]
      [Code Root Scanning (ms): Min: 0.0, Avg: 1.3, Max: 4.2, Diff: 4.2, Sum: 5.1]
      [Object Copy (ms): Min: 0.1, Avg: 2.4, Max: 3.4, Diff: 3.3, Sum: 9.6]
      [Termination (ms): Min: 0.0, Avg: 0.6, Max: 0.8, Diff: 0.8, Sum: 2.5]
         [Termination Attempts: Min: 1, Avg: 1.0, Max: 1, Diff: 0, Sum: 4]
      [GC Worker Other (ms): Min: 0.0, Avg: 0.0, Max: 0.0, Diff: 0.0, Sum: 0.1]
      [GC Worker Total (ms): Min: 4.0, Avg: 5.1, Max: 5.5, Diff: 1.5, Sum: 20.6]
      [GC Worker End (ms): Min: 17738.9, Avg: 17738.9, Max: 17738.9, Diff: 0.0]
   [Code Root Fixup: 0.3 ms]
   [Code Root Purge: 0.0 ms]
   [Clear CT: 0.1 ms]
   [Other: 0.7 ms]
      [Choose CSet: 0.0 ms]
      [Ref Proc: 0.3 ms]
      [Ref Enq: 0.0 ms]
      [Redirty Cards: 0.1 ms]
      [Humongous Register: 0.0 ms]
      [Humongous Reclaim: 0.0 ms]
      [Free CSet: 0.1 ms]
   [Eden: 47.0M(47.0M)->0.0B(47.0M) Survivors: 4096.0K->4096.0K Heap: 181.6M(1024.0M)->134.8M(1024.0M)]
 [Times: user=0.01 sys=0.00, real=0.01 secs] 
2017-04-29T15:37:03.364+0800: 17.914: [GC pause (G1 Evacuation Pause) (young), 0.0048393 secs]
   [Parallel Time: 3.7 ms, GC Workers: 4]
      [GC Worker Start (ms): Min: 17913.6, Avg: 17913.7, Max: 17913.7, Diff: 0.0]
      [Ext Root Scanning (ms): Min: 0.4, Avg: 0.5, Max: 0.7, Diff: 0.3, Sum: 2.2]
      [Update RS (ms): Min: 0.0, Avg: 0.2, Max: 0.4, Diff: 0.3, Sum: 0.9]
         [Processed Buffers: Min: 1, Avg: 2.0, Max: 5, Diff: 4, Sum: 8]
      [Scan RS (ms): Min: 0.0, Avg: 0.0, Max: 0.0, Diff: 0.0, Sum: 0.0]
      [Code Root Scanning (ms): Min: 0.0, Avg: 0.5, Max: 1.1, Diff: 1.1, Sum: 1.8]
      [Object Copy (ms): Min: 1.7, Avg: 2.3, Max: 2.8, Diff: 1.2, Sum: 9.2]
      [Termination (ms): Min: 0.0, Avg: 0.0, Max: 0.0, Diff: 0.0, Sum: 0.0]
         [Termination Attempts: Min: 1, Avg: 1.0, Max: 1, Diff: 0, Sum: 4]
      [GC Worker Other (ms): Min: 0.0, Avg: 0.0, Max: 0.1, Diff: 0.0, Sum: 0.2]
      [GC Worker Total (ms): Min: 3.6, Avg: 3.6, Max: 3.6, Diff: 0.1, Sum: 14.4]
      [GC Worker End (ms): Min: 17917.2, Avg: 17917.3, Max: 17917.3, Diff: 0.0]
   [Code Root Fixup: 0.5 ms]
   [Code Root Purge: 0.0 ms]
   [Clear CT: 0.1 ms]
   [Other: 0.6 ms]
      [Choose CSet: 0.0 ms]
      [Ref Proc: 0.3 ms]
      [Ref Enq: 0.0 ms]
      [Redirty Cards: 0.1 ms]
      [Humongous Register: 0.0 ms]
      [Humongous Reclaim: 0.0 ms]
      [Free CSet: 0.1 ms]
   [Eden: 47.0M(47.0M)->0.0B(53.0M) Survivors: 4096.0K->4096.0K Heap: 181.8M(1024.0M)->134.3M(1024.0M)]
 [Times: user=0.02 sys=0.00, real=0.00 secs] 
2017-04-29T15:37:03.541+0800: 18.091: [GC pause (G1 Evacuation Pause) (young), 0.0072647 secs]
   [Parallel Time: 6.0 ms, GC Workers: 4]
      [GC Worker Start (ms): Min: 18091.0, Avg: 18091.6, Max: 18092.9, Diff: 1.9]
      [Ext Root Scanning (ms): Min: 0.0, Avg: 0.4, Max: 0.7, Diff: 0.7, Sum: 1.7]
      [Update RS (ms): Min: 0.0, Avg: 0.2, Max: 0.4, Diff: 0.4, Sum: 0.9]
         [Processed Buffers: Min: 0, Avg: 2.0, Max: 6, Diff: 6, Sum: 8]
      [Scan RS (ms): Min: 0.0, Avg: 0.0, Max: 0.0, Diff: 0.0, Sum: 0.1]
      [Code Root Scanning (ms): Min: 0.0, Avg: 1.0, Max: 2.9, Diff: 2.9, Sum: 3.9]
      [Object Copy (ms): Min: 2.0, Avg: 3.7, Max: 4.7, Diff: 2.7, Sum: 14.6]
      [Termination (ms): Min: 0.0, Avg: 0.1, Max: 0.1, Diff: 0.1, Sum: 0.4]
         [Termination Attempts: Min: 1, Avg: 1.2, Max: 2, Diff: 1, Sum: 5]
      [GC Worker Other (ms): Min: 0.0, Avg: 0.0, Max: 0.0, Diff: 0.0, Sum: 0.1]
      [GC Worker Total (ms): Min: 4.0, Avg: 5.4, Max: 6.0, Diff: 1.9, Sum: 21.7]
      [GC Worker End (ms): Min: 18097.0, Avg: 18097.0, Max: 18097.0, Diff: 0.0]
   [Code Root Fixup: 0.5 ms]
   [Code Root Purge: 0.0 ms]
   [Clear CT: 0.1 ms]
   [Other: 0.7 ms]
      [Choose CSet: 0.0 ms]
      [Ref Proc: 0.3 ms]
      [Ref Enq: 0.0 ms]
      [Redirty Cards: 0.1 ms]
      [Humongous Register: 0.0 ms]
      [Humongous Reclaim: 0.0 ms]
      [Free CSet: 0.1 ms]
   [Eden: 53.0M(53.0M)->0.0B(232.0M) Survivors: 4096.0K->4096.0K Heap: 187.3M(1024.0M)->134.8M(1024.0M)]
 [Times: user=0.03 sys=0.00, real=0.00 secs] 
2017-04-29T15:37:14.143+0800: 28.693: [GC pause (G1 Evacuation Pause) (young), 0.0466485 secs]
   [Parallel Time: 26.3 ms, GC Workers: 4]
      [GC Worker Start (ms): Min: 28693.6, Avg: 28693.6, Max: 28693.7, Diff: 0.1]
      [Ext Root Scanning (ms): Min: 0.9, Avg: 1.2, Max: 1.4, Diff: 0.5, Sum: 4.7]
      [Update RS (ms): Min: 0.1, Avg: 0.4, Max: 0.9, Diff: 0.8, Sum: 1.7]
         [Processed Buffers: Min: 1, Avg: 5.5, Max: 16, Diff: 15, Sum: 22]
      [Scan RS (ms): Min: 0.0, Avg: 0.0, Max: 0.1, Diff: 0.0, Sum: 0.2]
      [Code Root Scanning (ms): Min: 0.0, Avg: 0.7, Max: 1.2, Diff: 1.2, Sum: 2.8]
      [Object Copy (ms): Min: 13.5, Avg: 13.8, Max: 14.2, Diff: 0.6, Sum: 55.4]
      [Termination (ms): Min: 0.0, Avg: 5.1, Max: 10.2, Diff: 10.2, Sum: 20.3]
         [Termination Attempts: Min: 1, Avg: 1.0, Max: 1, Diff: 0, Sum: 4]
      [GC Worker Other (ms): Min: 0.0, Avg: 0.0, Max: 0.0, Diff: 0.0, Sum: 0.1]
      [GC Worker Total (ms): Min: 16.3, Avg: 21.3, Max: 26.2, Diff: 9.9, Sum: 85.1]
      [GC Worker End (ms): Min: 28710.0, Avg: 28714.9, Max: 28719.9, Diff: 9.9]
   [Code Root Fixup: 0.9 ms]
   [Code Root Purge: 0.0 ms]
   [Clear CT: 0.2 ms]
   [Other: 19.3 ms]
      [Choose CSet: 0.0 ms]
      [Ref Proc: 18.5 ms]
      [Ref Enq: 0.0 ms]
      [Redirty Cards: 0.1 ms]
      [Humongous Register: 0.1 ms]
      [Humongous Reclaim: 0.0 ms]
      [Free CSet: 0.3 ms]
   [Eden: 232.0M(232.0M)->0.0B(43.0M) Survivors: 4096.0K->8192.0K Heap: 366.8M(1024.0M)->138.2M(1024.0M)]
 [Times: user=0.06 sys=0.01, real=0.05 secs] 
2017-04-29T15:37:14.545+0800: 29.095: [GC pause (G1 Evacuation Pause) (young), 0.0353329 secs]
   [Parallel Time: 22.7 ms, GC Workers: 4]
      [GC Worker Start (ms): Min: 29095.3, Avg: 29095.6, Max: 29095.9, Diff: 0.6]
      [Ext Root Scanning (ms): Min: 1.0, Avg: 1.4, Max: 1.7, Diff: 0.7, Sum: 5.6]
      [Update RS (ms): Min: 0.0, Avg: 0.3, Max: 0.4, Diff: 0.4, Sum: 1.2]
         [Processed Buffers: Min: 0, Avg: 2.8, Max: 8, Diff: 8, Sum: 11]
      [Scan RS (ms): Min: 0.0, Avg: 0.0, Max: 0.0, Diff: 0.0, Sum: 0.0]
      [Code Root Scanning (ms): Min: 0.0, Avg: 1.0, Max: 2.3, Diff: 2.3, Sum: 4.2]
      [Object Copy (ms): Min: 8.3, Avg: 9.3, Max: 10.3, Diff: 2.0, Sum: 37.3]
      [Termination (ms): Min: 0.0, Avg: 7.7, Max: 10.3, Diff: 10.3, Sum: 30.9]
         [Termination Attempts: Min: 1, Avg: 1.0, Max: 1, Diff: 0, Sum: 4]
      [GC Worker Other (ms): Min: 0.0, Avg: 0.0, Max: 0.0, Diff: 0.0, Sum: 0.1]
      [GC Worker Total (ms): Min: 12.3, Avg: 19.8, Max: 22.7, Diff: 10.4, Sum: 79.2]
      [GC Worker End (ms): Min: 29107.8, Avg: 29115.4, Max: 29118.0, Diff: 10.2]
   [Code Root Fixup: 0.9 ms]
   [Code Root Purge: 0.0 ms]
   [Clear CT: 0.1 ms]
   [Other: 11.6 ms]
      [Choose CSet: 0.0 ms]
      [Ref Proc: 11.0 ms]
      [Ref Enq: 0.0 ms]
      [Redirty Cards: 0.1 ms]
      [Humongous Register: 0.1 ms]
      [Humongous Reclaim: 0.0 ms]
      [Free CSet: 0.2 ms]
   [Eden: 43.0M(43.0M)->0.0B(46.0M) Survivors: 8192.0K->5120.0K Heap: 181.2M(1024.0M)->137.8M(1024.0M)]
 [Times: user=0.05 sys=0.00, real=0.04 secs] 
2017-04-29T15:37:15.011+0800: 29.561: [GC pause (G1 Evacuation Pause) (young), 0.0206230 secs]
   [Parallel Time: 9.0 ms, GC Workers: 4]
      [GC Worker Start (ms): Min: 29561.2, Avg: 29561.7, Max: 29563.2, Diff: 2.0]
      [Ext Root Scanning (ms): Min: 0.0, Avg: 0.6, Max: 0.9, Diff: 0.9, Sum: 2.4]
      [Update RS (ms): Min: 1.2, Avg: 1.8, Max: 2.4, Diff: 1.1, Sum: 7.3]
         [Processed Buffers: Min: 3, Avg: 4.2, Max: 7, Diff: 4, Sum: 17]
      [Scan RS (ms): Min: 0.0, Avg: 0.0, Max: 0.0, Diff: 0.0, Sum: 0.0]
      [Code Root Scanning (ms): Min: 0.0, Avg: 0.4, Max: 0.8, Diff: 0.8, Sum: 1.6]
      [Object Copy (ms): Min: 5.4, Avg: 5.6, Max: 5.8, Diff: 0.3, Sum: 22.4]
      [Termination (ms): Min: 0.0, Avg: 0.0, Max: 0.0, Diff: 0.0, Sum: 0.0]
         [Termination Attempts: Min: 1, Avg: 1.0, Max: 1, Diff: 0, Sum: 4]
      [GC Worker Other (ms): Min: 0.0, Avg: 0.0, Max: 0.0, Diff: 0.0, Sum: 0.1]
      [GC Worker Total (ms): Min: 7.0, Avg: 8.5, Max: 9.0, Diff: 2.0, Sum: 33.8]
      [GC Worker End (ms): Min: 29570.2, Avg: 29570.2, Max: 29570.2, Diff: 0.0]
   [Code Root Fixup: 0.5 ms]
   [Code Root Purge: 0.0 ms]
   [Clear CT: 0.1 ms]
   [Other: 11.0 ms]
      [Choose CSet: 0.0 ms]
      [Ref Proc: 10.6 ms]
      [Ref Enq: 0.0 ms]
      [Redirty Cards: 0.1 ms]
      [Humongous Register: 0.0 ms]
      [Humongous Reclaim: 0.0 ms]
      [Free CSet: 0.1 ms]
   [Eden: 46.0M(46.0M)->0.0B(45.0M) Survivors: 5120.0K->6144.0K Heap: 183.8M(1024.0M)->138.3M(1024.0M)]
 [Times: user=0.04 sys=0.00, real=0.02 secs] 
2017-04-29T15:37:15.473+0800: 30.023: [GC pause (G1 Evacuation Pause) (young), 0.0087411 secs]
   [Parallel Time: 7.6 ms, GC Workers: 4]
      [GC Worker Start (ms): Min: 30023.1, Avg: 30023.1, Max: 30023.1, Diff: 0.0]
      [Ext Root Scanning (ms): Min: 0.7, Avg: 0.8, Max: 0.9, Diff: 0.2, Sum: 3.3]
      [Update RS (ms): Min: 0.3, Avg: 0.4, Max: 0.5, Diff: 0.2, Sum: 1.7]
         [Processed Buffers: Min: 1, Avg: 2.5, Max: 7, Diff: 6, Sum: 10]
      [Scan RS (ms): Min: 0.0, Avg: 0.0, Max: 0.0, Diff: 0.0, Sum: 0.0]
      [Code Root Scanning (ms): Min: 0.0, Avg: 0.4, Max: 0.8, Diff: 0.8, Sum: 1.5]
      [Object Copy (ms): Min: 5.4, Avg: 5.8, Max: 6.1, Diff: 0.7, Sum: 23.1]
      [Termination (ms): Min: 0.0, Avg: 0.0, Max: 0.1, Diff: 0.1, Sum: 0.2]
         [Termination Attempts: Min: 1, Avg: 1.0, Max: 1, Diff: 0, Sum: 4]
      [GC Worker Other (ms): Min: 0.0, Avg: 0.0, Max: 0.0, Diff: 0.0, Sum: 0.1]
      [GC Worker Total (ms): Min: 7.5, Avg: 7.5, Max: 7.5, Diff: 0.0, Sum: 30.0]
      [GC Worker End (ms): Min: 30030.6, Avg: 30030.6, Max: 30030.7, Diff: 0.1]
   [Code Root Fixup: 0.5 ms]
   [Code Root Purge: 0.0 ms]
   [Clear CT: 0.1 ms]
   [Other: 0.6 ms]
      [Choose CSet: 0.0 ms]
      [Ref Proc: 0.2 ms]
      [Ref Enq: 0.0 ms]
      [Redirty Cards: 0.1 ms]
      [Humongous Register: 0.1 ms]
      [Humongous Reclaim: 0.0 ms]
      [Free CSet: 0.1 ms]
   [Eden: 45.0M(45.0M)->0.0B(46.0M) Survivors: 6144.0K->5120.0K Heap: 183.3M(1024.0M)->138.1M(1024.0M)]
 [Times: user=0.03 sys=0.00, real=0.01 secs] 
2017-04-29T15:37:15.791+0800: 30.341: [GC pause (G1 Evacuation Pause) (young), 0.0204597 secs]
   [Parallel Time: 7.6 ms, GC Workers: 4]
      [GC Worker Start (ms): Min: 30341.2, Avg: 30341.3, Max: 30341.3, Diff: 0.1]
      [Ext Root Scanning (ms): Min: 0.8, Avg: 0.9, Max: 0.9, Diff: 0.1, Sum: 3.5]
      [Update RS (ms): Min: 1.1, Avg: 1.3, Max: 1.7, Diff: 0.7, Sum: 5.1]
         [Processed Buffers: Min: 1, Avg: 4.2, Max: 9, Diff: 8, Sum: 17]
      [Scan RS (ms): Min: 0.0, Avg: 0.0, Max: 0.0, Diff: 0.0, Sum: 0.0]
      [Code Root Scanning (ms): Min: 0.0, Avg: 0.4, Max: 0.9, Diff: 0.9, Sum: 1.6]
      [Object Copy (ms): Min: 4.7, Avg: 5.0, Max: 5.5, Diff: 0.8, Sum: 19.9]
      [Termination (ms): Min: 0.0, Avg: 0.0, Max: 0.0, Diff: 0.0, Sum: 0.0]
         [Termination Attempts: Min: 1, Avg: 1.0, Max: 1, Diff: 0, Sum: 4]
      [GC Worker Other (ms): Min: 0.0, Avg: 0.0, Max: 0.1, Diff: 0.0, Sum: 0.2]
      [GC Worker Total (ms): Min: 7.5, Avg: 7.5, Max: 7.6, Diff: 0.1, Sum: 30.2]
      [GC Worker End (ms): Min: 30348.8, Avg: 30348.8, Max: 30348.8, Diff: 0.0]
   [Code Root Fixup: 0.5 ms]
   [Code Root Purge: 0.0 ms]
   [Clear CT: 0.1 ms]
   [Other: 12.2 ms]
      [Choose CSet: 0.0 ms]
      [Ref Proc: 11.8 ms]
      [Ref Enq: 0.0 ms]
      [Redirty Cards: 0.1 ms]
      [Humongous Register: 0.1 ms]
      [Humongous Reclaim: 0.0 ms]
      [Free CSet: 0.1 ms]
   [Eden: 46.0M(46.0M)->0.0B(46.0M) Survivors: 5120.0K->5120.0K Heap: 184.1M(1024.0M)->137.6M(1024.0M)]
 [Times: user=0.03 sys=0.00, real=0.02 secs] 
2017-04-29T15:37:16.200+0800: 30.751: [GC pause (G1 Evacuation Pause) (young), 0.0212003 secs]
   [Parallel Time: 19.8 ms, GC Workers: 4]
      [GC Worker Start (ms): Min: 30750.7, Avg: 30750.8, Max: 30750.9, Diff: 0.2]
      [Ext Root Scanning (ms): Min: 0.7, Avg: 0.9, Max: 1.0, Diff: 0.3, Sum: 3.8]
      [Update RS (ms): Min: 0.7, Avg: 0.9, Max: 1.3, Diff: 0.6, Sum: 3.4]
         [Processed Buffers: Min: 1, Avg: 3.2, Max: 6, Diff: 5, Sum: 13]
      [Scan RS (ms): Min: 0.0, Avg: 0.0, Max: 0.0, Diff: 0.0, Sum: 0.0]
      [Code Root Scanning (ms): Min: 0.0, Avg: 1.8, Max: 3.9, Diff: 3.9, Sum: 7.3]
      [Object Copy (ms): Min: 3.9, Avg: 5.9, Max: 7.9, Diff: 3.9, Sum: 23.7]
      [Termination (ms): Min: 0.0, Avg: 2.6, Max: 10.1, Diff: 10.1, Sum: 10.4]
         [Termination Attempts: Min: 1, Avg: 1.0, Max: 1, Diff: 0, Sum: 4]
      [GC Worker Other (ms): Min: 0.0, Avg: 0.0, Max: 0.0, Diff: 0.0, Sum: 0.1]
      [GC Worker Total (ms): Min: 9.5, Avg: 12.2, Max: 19.7, Diff: 10.2, Sum: 48.8]
      [GC Worker End (ms): Min: 30760.5, Avg: 30763.0, Max: 30770.5, Diff: 10.0]
   [Code Root Fixup: 0.5 ms]
   [Code Root Purge: 0.0 ms]
   [Clear CT: 0.1 ms]
   [Other: 0.8 ms]
      [Choose CSet: 0.0 ms]
      [Ref Proc: 0.3 ms]
      [Ref Enq: 0.0 ms]
      [Redirty Cards: 0.1 ms]
      [Humongous Register: 0.1 ms]
      [Humongous Reclaim: 0.0 ms]
      [Free CSet: 0.1 ms]
   [Eden: 46.0M(46.0M)->0.0B(46.0M) Survivors: 5120.0K->5120.0K Heap: 183.6M(1024.0M)->138.2M(1024.0M)]
 [Times: user=0.03 sys=0.00, real=0.02 secs] 
2017-04-29T15:37:16.577+0800: 31.127: [GC pause (G1 Evacuation Pause) (young), 0.0196460 secs]
   [Parallel Time: 8.4 ms, GC Workers: 4]
      [GC Worker Start (ms): Min: 31127.6, Avg: 31127.7, Max: 31127.8, Diff: 0.3]
      [Ext Root Scanning (ms): Min: 0.8, Avg: 1.8, Max: 4.4, Diff: 3.6, Sum: 7.3]
      [Update RS (ms): Min: 0.0, Avg: 0.6, Max: 1.1, Diff: 1.1, Sum: 2.5]
         [Processed Buffers: Min: 0, Avg: 4.0, Max: 13, Diff: 13, Sum: 16]
      [Scan RS (ms): Min: 0.0, Avg: 0.0, Max: 0.0, Diff: 0.0, Sum: 0.0]
      [Code Root Scanning (ms): Min: 0.0, Avg: 0.4, Max: 0.9, Diff: 0.9, Sum: 1.5]
      [Object Copy (ms): Min: 3.9, Avg: 5.4, Max: 6.2, Diff: 2.3, Sum: 21.5]
      [Termination (ms): Min: 0.0, Avg: 0.0, Max: 0.0, Diff: 0.0, Sum: 0.0]
         [Termination Attempts: Min: 1, Avg: 1.0, Max: 1, Diff: 0, Sum: 4]
      [GC Worker Other (ms): Min: 0.0, Avg: 0.0, Max: 0.1, Diff: 0.0, Sum: 0.2]
      [GC Worker Total (ms): Min: 8.1, Avg: 8.3, Max: 8.4, Diff: 0.3, Sum: 33.1]
      [GC Worker End (ms): Min: 31135.9, Avg: 31135.9, Max: 31135.9, Diff: 0.0]
   [Code Root Fixup: 0.5 ms]
   [Code Root Purge: 0.0 ms]
   [Clear CT: 0.1 ms]
   [Other: 10.7 ms]
      [Choose CSet: 0.0 ms]
      [Ref Proc: 10.3 ms]
      [Ref Enq: 0.0 ms]
      [Redirty Cards: 0.1 ms]
      [Humongous Register: 0.1 ms]
      [Humongous Reclaim: 0.0 ms]
      [Free CSet: 0.1 ms]
   [Eden: 46.0M(46.0M)->0.0B(46.0M) Survivors: 5120.0K->5120.0K Heap: 184.2M(1024.0M)->138.3M(1024.0M)]
 [Times: user=0.04 sys=0.00, real=0.02 secs] 
2017-04-29T15:37:16.797+0800: 31.347: [GC pause (G1 Evacuation Pause) (young), 0.0190644 secs]
   [Parallel Time: 7.6 ms, GC Workers: 4]
      [GC Worker Start (ms): Min: 31346.8, Avg: 31347.6, Max: 31348.9, Diff: 2.1]
      [Ext Root Scanning (ms): Min: 0.0, Avg: 0.6, Max: 1.1, Diff: 1.1, Sum: 2.3]
      [Update RS (ms): Min: 0.0, Avg: 0.6, Max: 1.0, Diff: 1.0, Sum: 2.3]
         [Processed Buffers: Min: 0, Avg: 3.8, Max: 11, Diff: 11, Sum: 15]
      [Scan RS (ms): Min: 0.0, Avg: 0.0, Max: 0.0, Diff: 0.0, Sum: 0.0]
      [Code Root Scanning (ms): Min: 0.0, Avg: 0.6, Max: 1.3, Diff: 1.3, Sum: 2.2]
      [Object Copy (ms): Min: 4.4, Avg: 5.1, Max: 5.5, Diff: 1.0, Sum: 20.3]
      [Termination (ms): Min: 0.0, Avg: 0.0, Max: 0.0, Diff: 0.0, Sum: 0.0]
         [Termination Attempts: Min: 1, Avg: 1.0, Max: 1, Diff: 0, Sum: 4]
      [GC Worker Other (ms): Min: 0.0, Avg: 0.0, Max: 0.0, Diff: 0.0, Sum: 0.1]
      [GC Worker Total (ms): Min: 5.5, Avg: 6.8, Max: 7.6, Diff: 2.1, Sum: 27.3]
      [GC Worker End (ms): Min: 31354.4, Avg: 31354.4, Max: 31354.4, Diff: 0.0]
   [Code Root Fixup: 0.4 ms]
   [Code Root Purge: 0.0 ms]
   [Clear CT: 0.1 ms]
   [Other: 10.9 ms]
      [Choose CSet: 0.0 ms]
      [Ref Proc: 10.5 ms]
      [Ref Enq: 0.0 ms]
      [Redirty Cards: 0.1 ms]
      [Humongous Register: 0.1 ms]
      [Humongous Reclaim: 0.0 ms]
      [Free CSet: 0.1 ms]
   [Eden: 46.0M(46.0M)->0.0B(46.0M) Survivors: 5120.0K->5120.0K Heap: 184.3M(1024.0M)->137.8M(1024.0M)]
 [Times: user=0.03 sys=0.00, real=0.02 secs] 
2017-04-29T15:37:17.167+0800: 31.718: [GC pause (G1 Evacuation Pause) (young), 0.0308190 secs]
   [Parallel Time: 18.9 ms, GC Workers: 4]
      [GC Worker Start (ms): Min: 31717.7, Avg: 31718.1, Max: 31719.0, Diff: 1.2]
      [Ext Root Scanning (ms): Min: 0.1, Avg: 1.0, Max: 1.4, Diff: 1.2, Sum: 4.1]
      [Update RS (ms): Min: 0.3, Avg: 0.5, Max: 0.7, Diff: 0.3, Sum: 2.0]
         [Processed Buffers: Min: 1, Avg: 4.2, Max: 9, Diff: 8, Sum: 17]
      [Scan RS (ms): Min: 0.0, Avg: 0.0, Max: 0.0, Diff: 0.0, Sum: 0.0]
      [Code Root Scanning (ms): Min: 0.0, Avg: 0.2, Max: 0.6, Diff: 0.6, Sum: 0.9]
      [Object Copy (ms): Min: 6.3, Avg: 6.6, Max: 6.7, Diff: 0.4, Sum: 26.2]
      [Termination (ms): Min: 0.0, Avg: 7.6, Max: 10.2, Diff: 10.2, Sum: 30.6]
         [Termination Attempts: Min: 1, Avg: 1.0, Max: 1, Diff: 0, Sum: 4]
      [GC Worker Other (ms): Min: 0.0, Avg: 0.0, Max: 0.0, Diff: 0.0, Sum: 0.1]
      [GC Worker Total (ms): Min: 8.8, Avg: 16.0, Max: 18.8, Diff: 10.1, Sum: 64.0]
      [GC Worker End (ms): Min: 31726.5, Avg: 31734.1, Max: 31736.6, Diff: 10.1]
   [Code Root Fixup: 0.3 ms]
   [Code Root Purge: 0.0 ms]
   [Clear CT: 0.1 ms]
   [Other: 11.5 ms]
      [Choose CSet: 0.0 ms]
      [Ref Proc: 11.0 ms]
      [Ref Enq: 0.0 ms]
      [Redirty Cards: 0.1 ms]
      [Humongous Register: 0.1 ms]
      [Humongous Reclaim: 0.1 ms]
      [Free CSet: 0.1 ms]
   [Eden: 46.0M(46.0M)->0.0B(46.0M) Survivors: 5120.0K->5120.0K Heap: 213.8M(1024.0M)->143.3M(1024.0M)]
 [Times: user=0.03 sys=0.00, real=0.03 secs] 
2017-04-29T15:37:17.736+0800: 32.286: [GC pause (G1 Humongous Allocation) (young) (initial-mark), 0.0096175 secs]
   [Parallel Time: 8.1 ms, GC Workers: 4]
      [GC Worker Start (ms): Min: 32286.3, Avg: 32286.4, Max: 32286.4, Diff: 0.1]
      [Ext Root Scanning (ms): Min: 0.9, Avg: 1.0, Max: 1.2, Diff: 0.2, Sum: 4.2]
      [Update RS (ms): Min: 0.2, Avg: 0.6, Max: 0.9, Diff: 0.7, Sum: 2.6]
         [Processed Buffers: Min: 1, Avg: 4.0, Max: 12, Diff: 11, Sum: 16]
      [Scan RS (ms): Min: 0.0, Avg: 0.0, Max: 0.0, Diff: 0.0, Sum: 0.0]
      [Code Root Scanning (ms): Min: 0.0, Avg: 0.3, Max: 0.7, Diff: 0.7, Sum: 1.2]
      [Object Copy (ms): Min: 5.6, Avg: 6.0, Max: 6.3, Diff: 0.7, Sum: 24.0]
      [Termination (ms): Min: 0.0, Avg: 0.0, Max: 0.0, Diff: 0.0, Sum: 0.0]
         [Termination Attempts: Min: 1, Avg: 1.0, Max: 1, Diff: 0, Sum: 4]
      [GC Worker Other (ms): Min: 0.0, Avg: 0.0, Max: 0.0, Diff: 0.0, Sum: 0.1]
      [GC Worker Total (ms): Min: 8.0, Avg: 8.0, Max: 8.0, Diff: 0.1, Sum: 32.1]
      [GC Worker End (ms): Min: 32294.4, Avg: 32294.4, Max: 32294.4, Diff: 0.0]
   [Code Root Fixup: 0.3 ms]
   [Code Root Purge: 0.0 ms]
   [Clear CT: 0.1 ms]
   [Other: 1.2 ms]
      [Choose CSet: 0.0 ms]
      [Ref Proc: 0.2 ms]
      [Ref Enq: 0.0 ms]
      [Redirty Cards: 0.0 ms]
      [Humongous Register: 0.0 ms]
      [Humongous Reclaim: 0.6 ms]
      [Free CSet: 0.1 ms]
   [Eden: 9216.0K(46.0M)->0.0B(223.0M) Survivors: 5120.0K->3072.0K Heap: 331.7M(1024.0M)->138.1M(1024.0M)]
 [Times: user=0.03 sys=0.00, real=0.01 secs] 
2017-04-29T15:37:17.746+0800: 32.296: [GC concurrent-root-region-scan-start]
2017-04-29T15:37:17.752+0800: 32.302: [GC concurrent-root-region-scan-end, 0.0057569 secs]
2017-04-29T15:37:17.752+0800: 32.302: [GC concurrent-mark-start]
2017-04-29T15:37:17.799+0800: 32.349: [GC concurrent-mark-end, 0.0475689 secs]
2017-04-29T15:37:17.800+0800: 32.350: [GC remark 2017-04-29T15:37:17.800+0800: 32.350: [Finalize Marking, 0.0001423 secs] 2017-04-29T15:37:17.800+0800: 32.350: [GC ref-proc, 0.0001402 secs] 2017-04-29T15:37:17.800+0800: 32.350: [Unloading, 0.0172242 secs], 0.0208392 secs]
 [Times: user=0.04 sys=0.02, real=0.02 secs] 
2017-04-29T15:37:17.821+0800: 32.371: [GC cleanup 158M->158M(1024M), 0.0101182 secs]
 [Times: user=0.00 sys=0.01, real=0.01 secs] 
2017-04-29T15:39:44.730+0800: 179.284: [GC pause (G1 Evacuation Pause) (young), 0.0423402 secs]
   [Parallel Time: 37.9 ms, GC Workers: 4]
      [GC Worker Start (ms): Min: 179283.9, Avg: 179285.3, Max: 179289.4, Diff: 5.5]
      [Ext Root Scanning (ms): Min: 0.0, Avg: 0.5, Max: 0.8, Diff: 0.8, Sum: 2.0]
      [Update RS (ms): Min: 0.0, Avg: 3.4, Max: 4.6, Diff: 4.6, Sum: 13.6]
         [Processed Buffers: Min: 0, Avg: 12.2, Max: 23, Diff: 23, Sum: 49]
      [Scan RS (ms): Min: 0.0, Avg: 0.0, Max: 0.1, Diff: 0.1, Sum: 0.2]
      [Code Root Scanning (ms): Min: 0.0, Avg: 0.4, Max: 1.2, Diff: 1.2, Sum: 1.5]
      [Object Copy (ms): Min: 30.9, Avg: 31.4, Max: 31.8, Diff: 0.9, Sum: 125.7]
      [Termination (ms): Min: 0.0, Avg: 0.6, Max: 0.8, Diff: 0.8, Sum: 2.3]
         [Termination Attempts: Min: 1, Avg: 1.0, Max: 1, Diff: 0, Sum: 4]
      [GC Worker Other (ms): Min: 0.0, Avg: 0.0, Max: 0.0, Diff: 0.0, Sum: 0.1]
      [GC Worker Total (ms): Min: 31.8, Avg: 36.3, Max: 37.9, Diff: 6.1, Sum: 145.4]
      [GC Worker End (ms): Min: 179321.2, Avg: 179321.7, Max: 179321.8, Diff: 0.6]
   [Code Root Fixup: 0.3 ms]
   [Code Root Purge: 0.0 ms]
   [Clear CT: 0.2 ms]
   [Other: 3.9 ms]
      [Choose CSet: 0.0 ms]
      [Ref Proc: 3.3 ms]
      [Ref Enq: 0.0 ms]
      [Redirty Cards: 0.1 ms]
      [Humongous Register: 0.0 ms]
      [Humongous Reclaim: 0.1 ms]
      [Free CSet: 0.2 ms]
   [Eden: 223.0M(223.0M)->0.0B(259.0M) Survivors: 3072.0K->7168.0K Heap: 401.1M(1024.0M)->142.1M(1024.0M)]
 [Times: user=0.06 sys=0.02, real=0.05 secs] 
2017-04-29T15:44:41.975+0800: 476.536: [GC pause (G1 Evacuation Pause) (young), 0.0218666 secs]
   [Parallel Time: 20.7 ms, GC Workers: 4]
      [GC Worker Start (ms): Min: 476536.0, Avg: 476536.1, Max: 476536.2, Diff: 0.1]
      [Ext Root Scanning (ms): Min: 0.7, Avg: 0.7, Max: 0.9, Diff: 0.2, Sum: 3.0]
      [Update RS (ms): Min: 2.0, Avg: 2.2, Max: 2.3, Diff: 0.3, Sum: 8.7]
         [Processed Buffers: Min: 3, Avg: 9.2, Max: 26, Diff: 23, Sum: 37]
      [Scan RS (ms): Min: 0.0, Avg: 0.0, Max: 0.1, Diff: 0.1, Sum: 0.2]
      [Code Root Scanning (ms): Min: 0.0, Avg: 0.4, Max: 1.0, Diff: 1.0, Sum: 1.6]
      [Object Copy (ms): Min: 16.5, Avg: 17.2, Max: 17.6, Diff: 1.0, Sum: 68.7]
      [Termination (ms): Min: 0.0, Avg: 0.0, Max: 0.0, Diff: 0.0, Sum: 0.0]
         [Termination Attempts: Min: 1, Avg: 1.2, Max: 2, Diff: 1, Sum: 5]
      [GC Worker Other (ms): Min: 0.1, Avg: 0.1, Max: 0.1, Diff: 0.0, Sum: 0.3]
      [GC Worker Total (ms): Min: 20.6, Avg: 20.6, Max: 20.7, Diff: 0.1, Sum: 82.6]
      [GC Worker End (ms): Min: 476556.7, Avg: 476556.7, Max: 476556.7, Diff: 0.0]
   [Code Root Fixup: 0.2 ms]
   [Code Root Purge: 0.0 ms]
   [Clear CT: 0.1 ms]
   [Other: 0.9 ms]
      [Choose CSet: 0.0 ms]
      [Ref Proc: 0.3 ms]
      [Ref Enq: 0.0 ms]
      [Redirty Cards: 0.1 ms]
      [Humongous Register: 0.0 ms]
      [Humongous Reclaim: 0.0 ms]
      [Free CSet: 0.3 ms]
   [Eden: 259.0M(259.0M)->0.0B(154.0M) Survivors: 7168.0K->10.0M Heap: 401.1M(1024.0M)->145.1M(1024.0M)]
 [Times: user=0.07 sys=0.01, real=0.04 secs] 
2017-04-29T15:45:41.954+0800: 536.516: [GC pause (G1 Evacuation Pause) (young), 0.0173973 secs]
   [Parallel Time: 16.7 ms, GC Workers: 4]
      [GC Worker Start (ms): Min: 536516.1, Avg: 536516.2, Max: 536516.2, Diff: 0.1]
      [Ext Root Scanning (ms): Min: 0.5, Avg: 0.7, Max: 0.9, Diff: 0.4, Sum: 2.8]
      [Update RS (ms): Min: 1.9, Avg: 2.1, Max: 2.4, Diff: 0.5, Sum: 8.3]
         [Processed Buffers: Min: 3, Avg: 8.0, Max: 17, Diff: 14, Sum: 32]
      [Scan RS (ms): Min: 0.0, Avg: 0.2, Max: 0.5, Diff: 0.4, Sum: 0.8]
      [Code Root Scanning (ms): Min: 0.0, Avg: 0.2, Max: 0.4, Diff: 0.4, Sum: 0.6]
      [Object Copy (ms): Min: 13.3, Avg: 13.4, Max: 13.5, Diff: 0.2, Sum: 53.5]
      [Termination (ms): Min: 0.0, Avg: 0.0, Max: 0.0, Diff: 0.0, Sum: 0.0]
         [Termination Attempts: Min: 1, Avg: 1.2, Max: 2, Diff: 1, Sum: 5]
      [GC Worker Other (ms): Min: 0.0, Avg: 0.0, Max: 0.0, Diff: 0.0, Sum: 0.1]
      [GC Worker Total (ms): Min: 16.5, Avg: 16.5, Max: 16.6, Diff: 0.1, Sum: 66.1]
      [GC Worker End (ms): Min: 536532.7, Avg: 536532.7, Max: 536532.7, Diff: 0.0]
   [Code Root Fixup: 0.2 ms]
   [Code Root Purge: 0.0 ms]
   [Clear CT: 0.1 ms]
   [Other: 0.5 ms]
      [Choose CSet: 0.0 ms]
      [Ref Proc: 0.1 ms]
      [Ref Enq: 0.0 ms]
      [Redirty Cards: 0.1 ms]
      [Humongous Register: 0.0 ms]
      [Humongous Reclaim: 0.0 ms]
      [Free CSet: 0.1 ms]
   [Eden: 41.0M(41.0M)->0.0B(233.0M) Survivors: 10.0M->3072.0K Heap: 186.1M(1024.0M)->143.9M(1024.0M)]
 [Times: user=0.06 sys=0.00, real=0.02 secs] 
2017-04-29T15:46:41.956+0800: 596.520: [GC pause (G1 Evacuation Pause) (young), 0.0091487 secs]
   [Parallel Time: 8.5 ms, GC Workers: 4]
      [GC Worker Start (ms): Min: 596520.1, Avg: 596520.1, Max: 596520.1, Diff: 0.1]
      [Ext Root Scanning (ms): Min: 0.4, Avg: 0.4, Max: 0.5, Diff: 0.1, Sum: 1.8]
      [Update RS (ms): Min: 2.5, Avg: 2.6, Max: 2.7, Diff: 0.2, Sum: 10.3]
         [Processed Buffers: Min: 4, Avg: 12.8, Max: 29, Diff: 25, Sum: 51]
      [Scan RS (ms): Min: 0.8, Avg: 0.9, Max: 1.0, Diff: 0.3, Sum: 3.6]
      [Code Root Scanning (ms): Min: 0.0, Avg: 0.0, Max: 0.0, Diff: 0.0, Sum: 0.0]
      [Object Copy (ms): Min: 4.4, Avg: 4.5, Max: 4.5, Diff: 0.1, Sum: 17.9]
      [Termination (ms): Min: 0.0, Avg: 0.1, Max: 0.1, Diff: 0.1, Sum: 0.2]
         [Termination Attempts: Min: 1, Avg: 1.2, Max: 2, Diff: 1, Sum: 5]
      [GC Worker Other (ms): Min: 0.0, Avg: 0.0, Max: 0.0, Diff: 0.0, Sum: 0.1]
      [GC Worker Total (ms): Min: 8.5, Avg: 8.5, Max: 8.5, Diff: 0.0, Sum: 33.9]
      [GC Worker End (ms): Min: 596528.5, Avg: 596528.6, Max: 596528.6, Diff: 0.0]
   [Code Root Fixup: 0.1 ms]
   [Code Root Purge: 0.0 ms]
   [Clear CT: 0.1 ms]
   [Other: 0.5 ms]
      [Choose CSet: 0.0 ms]
      [Ref Proc: 0.2 ms]
      [Ref Enq: 0.0 ms]
      [Redirty Cards: 0.1 ms]
      [Humongous Register: 0.0 ms]
      [Humongous Reclaim: 0.0 ms]
      [Free CSet: 0.0 ms]
   [Eden: 48.0M(48.0M)->0.0B(157.0M) Survivors: 3072.0K->5120.0K Heap: 191.9M(1024.0M)->145.9M(1024.0M)]
 [Times: user=0.04 sys=0.00, real=0.01 secs] 
2017-04-29T15:48:41.938+0800: 716.505: [GC pause (G1 Evacuation Pause) (young), 0.0155370 secs]
   [Parallel Time: 14.7 ms, GC Workers: 4]
      [GC Worker Start (ms): Min: 716505.0, Avg: 716505.0, Max: 716505.0, Diff: 0.1]
      [Ext Root Scanning (ms): Min: 0.6, Avg: 0.6, Max: 0.7, Diff: 0.1, Sum: 2.5]
      [Update RS (ms): Min: 2.6, Avg: 3.3, Max: 5.2, Diff: 2.6, Sum: 13.2]
         [Processed Buffers: Min: 6, Avg: 11.2, Max: 20, Diff: 14, Sum: 45]
      [Scan RS (ms): Min: 0.0, Avg: 0.3, Max: 0.6, Diff: 0.6, Sum: 1.0]
      [Code Root Scanning (ms): Min: 0.0, Avg: 0.1, Max: 0.2, Diff: 0.2, Sum: 0.3]
      [Object Copy (ms): Min: 8.7, Avg: 10.3, Max: 10.9, Diff: 2.2, Sum: 41.2]
      [Termination (ms): Min: 0.0, Avg: 0.0, Max: 0.0, Diff: 0.0, Sum: 0.0]
         [Termination Attempts: Min: 1, Avg: 1.0, Max: 1, Diff: 0, Sum: 4]
      [GC Worker Other (ms): Min: 0.0, Avg: 0.0, Max: 0.1, Diff: 0.0, Sum: 0.2]
      [GC Worker Total (ms): Min: 14.6, Avg: 14.6, Max: 14.6, Diff: 0.1, Sum: 58.4]
      [GC Worker End (ms): Min: 716519.6, Avg: 716519.6, Max: 716519.6, Diff: 0.0]
   [Code Root Fixup: 0.1 ms]
   [Code Root Purge: 0.0 ms]
   [Clear CT: 0.1 ms]
   [Other: 0.6 ms]
      [Choose CSet: 0.0 ms]
      [Ref Proc: 0.2 ms]
      [Ref Enq: 0.0 ms]
      [Redirty Cards: 0.1 ms]
      [Humongous Register: 0.0 ms]
      [Humongous Reclaim: 0.0 ms]
      [Free CSet: 0.1 ms]
   [Eden: 157.0M(157.0M)->0.0B(140.0M) Survivors: 5120.0K->6144.0K Heap: 302.9M(1024.0M)->147.4M(1024.0M)]
 [Times: user=0.05 sys=0.00, real=0.02 secs] 
2017-04-29T15:48:57.695+0800: 732.262: [GC pause (G1 Evacuation Pause) (young), 0.0274253 secs]
   [Parallel Time: 18.4 ms, GC Workers: 4]
      [GC Worker Start (ms): Min: 732261.8, Avg: 732261.8, Max: 732261.8, Diff: 0.0]
      [Ext Root Scanning (ms): Min: 0.5, Avg: 0.5, Max: 0.6, Diff: 0.1, Sum: 2.1]
      [Update RS (ms): Min: 1.2, Avg: 2.9, Max: 7.7, Diff: 6.5, Sum: 11.5]
         [Processed Buffers: Min: 6, Avg: 12.0, Max: 18, Diff: 12, Sum: 48]
      [Scan RS (ms): Min: 0.0, Avg: 1.0, Max: 1.4, Diff: 1.4, Sum: 3.8]
      [Code Root Scanning (ms): Min: 0.0, Avg: 0.1, Max: 0.1, Diff: 0.1, Sum: 0.2]
      [Object Copy (ms): Min: 10.1, Avg: 13.9, Max: 15.2, Diff: 5.1, Sum: 55.4]
      [Termination (ms): Min: 0.0, Avg: 0.0, Max: 0.0, Diff: 0.0, Sum: 0.0]
         [Termination Attempts: Min: 1, Avg: 1.2, Max: 2, Diff: 1, Sum: 5]
      [GC Worker Other (ms): Min: 0.0, Avg: 0.0, Max: 0.0, Diff: 0.0, Sum: 0.1]
      [GC Worker Total (ms): Min: 18.3, Avg: 18.3, Max: 18.3, Diff: 0.0, Sum: 73.2]
      [GC Worker End (ms): Min: 732280.1, Avg: 732280.1, Max: 732280.1, Diff: 0.0]
   [Code Root Fixup: 0.2 ms]
   [Code Root Purge: 0.0 ms]
   [Clear CT: 0.1 ms]
   [Other: 8.8 ms]
      [Choose CSet: 0.0 ms]
      [Ref Proc: 8.3 ms]
      [Ref Enq: 0.0 ms]
      [Redirty Cards: 0.1 ms]
      [Humongous Register: 0.1 ms]
      [Humongous Reclaim: 0.0 ms]
      [Free CSet: 0.1 ms]
   [Eden: 45.0M(45.0M)->0.0B(47.0M) Survivors: 6144.0K->4096.0K Heap: 192.4M(1024.0M)->150.2M(1024.0M)]
 [Times: user=0.06 sys=0.00, real=0.03 secs] 
2017-04-29T15:49:26.954+0800: 761.522: [GC pause (G1 Evacuation Pause) (young), 0.0097309 secs]
   [Parallel Time: 9.1 ms, GC Workers: 4]
      [GC Worker Start (ms): Min: 761521.7, Avg: 761521.7, Max: 761521.7, Diff: 0.1]
      [Ext Root Scanning (ms): Min: 0.5, Avg: 0.5, Max: 0.6, Diff: 0.1, Sum: 2.1]
      [Update RS (ms): Min: 1.9, Avg: 2.0, Max: 2.1, Diff: 0.2, Sum: 7.9]
         [Processed Buffers: Min: 7, Avg: 12.0, Max: 15, Diff: 8, Sum: 48]
      [Scan RS (ms): Min: 1.3, Avg: 1.5, Max: 1.6, Diff: 0.3, Sum: 6.0]
      [Code Root Scanning (ms): Min: 0.0, Avg: 0.0, Max: 0.0, Diff: 0.0, Sum: 0.0]
      [Object Copy (ms): Min: 4.9, Avg: 4.9, Max: 5.0, Diff: 0.1, Sum: 19.8]
      [Termination (ms): Min: 0.0, Avg: 0.0, Max: 0.0, Diff: 0.0, Sum: 0.0]
         [Termination Attempts: Min: 1, Avg: 1.0, Max: 1, Diff: 0, Sum: 4]
      [GC Worker Other (ms): Min: 0.0, Avg: 0.0, Max: 0.1, Diff: 0.0, Sum: 0.2]
      [GC Worker Total (ms): Min: 9.0, Avg: 9.0, Max: 9.0, Diff: 0.0, Sum: 36.0]
      [GC Worker End (ms): Min: 761530.7, Avg: 761530.7, Max: 761530.7, Diff: 0.0]
   [Code Root Fixup: 0.0 ms]
   [Code Root Purge: 0.0 ms]
   [Clear CT: 0.1 ms]
   [Other: 0.5 ms]
      [Choose CSet: 0.0 ms]
      [Ref Proc: 0.1 ms]
      [Ref Enq: 0.0 ms]
      [Redirty Cards: 0.1 ms]
      [Humongous Register: 0.0 ms]
      [Humongous Reclaim: 0.0 ms]
      [Free CSet: 0.1 ms]
   [Eden: 47.0M(47.0M)->0.0B(46.0M) Survivors: 4096.0K->5120.0K Heap: 197.2M(1024.0M)->151.2M(1024.0M)]
 [Times: user=0.03 sys=0.00, real=0.01 secs] 
2017-04-29T15:49:47.662+0800: 782.230: [GC pause (G1 Evacuation Pause) (young), 0.0120813 secs]
   [Parallel Time: 11.2 ms, GC Workers: 4]
      [GC Worker Start (ms): Min: 782230.0, Avg: 782231.7, Max: 782234.3, Diff: 4.2]
      [Ext Root Scanning (ms): Min: 0.0, Avg: 0.4, Max: 0.8, Diff: 0.8, Sum: 1.6]
      [Update RS (ms): Min: 0.0, Avg: 1.7, Max: 2.9, Diff: 2.9, Sum: 6.9]
         [Processed Buffers: Min: 0, Avg: 10.8, Max: 20, Diff: 20, Sum: 43]
      [Scan RS (ms): Min: 0.1, Avg: 0.6, Max: 0.9, Diff: 0.7, Sum: 2.4]
      [Code Root Scanning (ms): Min: 0.0, Avg: 0.0, Max: 0.0, Diff: 0.0, Sum: 0.0]
      [Object Copy (ms): Min: 6.6, Avg: 6.6, Max: 6.7, Diff: 0.1, Sum: 26.5]
      [Termination (ms): Min: 0.0, Avg: 0.1, Max: 0.2, Diff: 0.2, Sum: 0.4]
         [Termination Attempts: Min: 1, Avg: 1.2, Max: 2, Diff: 1, Sum: 5]
      [GC Worker Other (ms): Min: 0.0, Avg: 0.0, Max: 0.0, Diff: 0.0, Sum: 0.1]
      [GC Worker Total (ms): Min: 6.9, Avg: 9.5, Max: 11.2, Diff: 4.3, Sum: 38.0]
      [GC Worker End (ms): Min: 782241.2, Avg: 782241.2, Max: 782241.2, Diff: 0.0]
   [Code Root Fixup: 0.1 ms]
   [Code Root Purge: 0.0 ms]
   [Clear CT: 0.1 ms]
   [Other: 0.7 ms]
      [Choose CSet: 0.0 ms]
      [Ref Proc: 0.3 ms]
      [Ref Enq: 0.0 ms]
      [Redirty Cards: 0.1 ms]
      [Humongous Register: 0.1 ms]
      [Humongous Reclaim: 0.0 ms]
      [Free CSet: 0.0 ms]
   [Eden: 46.0M(46.0M)->0.0B(147.0M) Survivors: 5120.0K->4096.0K Heap: 197.2M(1024.0M)->150.7M(1024.0M)]
 [Times: user=0.03 sys=0.00, real=0.01 secs] 
2017-04-29T15:51:07.073+0800: 861.643: [GC pause (G1 Evacuation Pause) (young), 0.0195302 secs]
   [Parallel Time: 17.8 ms, GC Workers: 4]
      [GC Worker Start (ms): Min: 861643.1, Avg: 861645.0, Max: 861650.6, Diff: 7.5]
      [Ext Root Scanning (ms): Min: 0.0, Avg: 0.9, Max: 1.2, Diff: 1.2, Sum: 3.5]
      [Update RS (ms): Min: 0.0, Avg: 4.3, Max: 5.8, Diff: 5.8, Sum: 17.0]
         [Processed Buffers: Min: 0, Avg: 11.0, Max: 30, Diff: 30, Sum: 44]
      [Scan RS (ms): Min: 0.2, Avg: 0.7, Max: 0.8, Diff: 0.6, Sum: 2.7]
      [Code Root Scanning (ms): Min: 0.0, Avg: 0.0, Max: 0.1, Diff: 0.1, Sum: 0.1]
      [Object Copy (ms): Min: 9.8, Avg: 9.9, Max: 9.9, Diff: 0.1, Sum: 39.5]
      [Termination (ms): Min: 0.0, Avg: 0.1, Max: 0.2, Diff: 0.2, Sum: 0.4]
         [Termination Attempts: Min: 1, Avg: 1.0, Max: 1, Diff: 0, Sum: 4]
      [GC Worker Other (ms): Min: 0.0, Avg: 0.0, Max: 0.0, Diff: 0.0, Sum: 0.1]
      [GC Worker Total (ms): Min: 10.2, Avg: 15.8, Max: 17.7, Diff: 7.6, Sum: 63.2]
      [GC Worker End (ms): Min: 861660.8, Avg: 861660.8, Max: 861660.8, Diff: 0.0]
   [Code Root Fixup: 0.1 ms]
   [Code Root Purge: 0.0 ms]
   [Clear CT: 0.1 ms]
   [Other: 1.6 ms]
      [Choose CSet: 0.0 ms]
      [Ref Proc: 0.2 ms]
      [Ref Enq: 0.0 ms]
      [Redirty Cards: 0.1 ms]
      [Humongous Register: 0.0 ms]
      [Humongous Reclaim: 0.1 ms]
      [Free CSet: 0.4 ms]
   [Eden: 147.0M(147.0M)->0.0B(102.0M) Survivors: 4096.0K->6144.0K Heap: 297.7M(1024.0M)->152.7M(1024.0M)]
 [Times: user=0.05 sys=0.00, real=0.02 secs] 
2017-04-29T15:52:11.949+0800: 926.521: [GC pause (G1 Evacuation Pause) (young), 0.0159371 secs]
   [Parallel Time: 14.7 ms, GC Workers: 4]
      [GC Worker Start (ms): Min: 926521.4, Avg: 926521.7, Max: 926522.2, Diff: 0.8]
      [Ext Root Scanning (ms): Min: 0.2, Avg: 0.6, Max: 0.9, Diff: 0.8, Sum: 2.5]
      [Update RS (ms): Min: 1.9, Avg: 2.0, Max: 2.0, Diff: 0.1, Sum: 7.9]
         [Processed Buffers: Min: 4, Avg: 11.5, Max: 19, Diff: 15, Sum: 46]
      [Scan RS (ms): Min: 0.7, Avg: 0.8, Max: 0.9, Diff: 0.2, Sum: 3.2]
      [Code Root Scanning (ms): Min: 0.0, Avg: 0.0, Max: 0.1, Diff: 0.1, Sum: 0.1]
      [Object Copy (ms): Min: 10.6, Avg: 10.7, Max: 10.9, Diff: 0.3, Sum: 43.0]
      [Termination (ms): Min: 0.0, Avg: 0.1, Max: 0.2, Diff: 0.2, Sum: 0.4]
         [Termination Attempts: Min: 1, Avg: 1.0, Max: 1, Diff: 0, Sum: 4]
      [GC Worker Other (ms): Min: 0.0, Avg: 0.1, Max: 0.1, Diff: 0.1, Sum: 0.3]
      [GC Worker Total (ms): Min: 13.9, Avg: 14.3, Max: 14.7, Diff: 0.8, Sum: 57.3]
      [GC Worker End (ms): Min: 926536.0, Avg: 926536.1, Max: 926536.1, Diff: 0.0]
   [Code Root Fixup: 0.1 ms]
   [Code Root Purge: 0.0 ms]
   [Clear CT: 0.1 ms]
   [Other: 1.0 ms]
      [Choose CSet: 0.0 ms]
      [Ref Proc: 0.4 ms]
      [Ref Enq: 0.0 ms]
      [Redirty Cards: 0.1 ms]
      [Humongous Register: 0.2 ms]
      [Humongous Reclaim: 0.0 ms]
      [Free CSet: 0.1 ms]
   [Eden: 102.0M(102.0M)->0.0B(119.0M) Survivors: 6144.0K->6144.0K Heap: 254.7M(1024.0M)->152.7M(1024.0M)]
 [Times: user=0.05 sys=0.01, real=0.02 secs] 
2017-04-29T15:53:11.992+0800: 986.566: [GC pause (G1 Evacuation Pause) (young), 0.0387388 secs]
   [Parallel Time: 30.3 ms, GC Workers: 4]
      [GC Worker Start (ms): Min: 986565.9, Avg: 986565.9, Max: 986565.9, Diff: 0.0]
      [Ext Root Scanning (ms): Min: 0.5, Avg: 0.5, Max: 0.5, Diff: 0.1, Sum: 2.0]
      [Update RS (ms): Min: 2.8, Avg: 3.0, Max: 3.1, Diff: 0.3, Sum: 11.8]
         [Processed Buffers: Min: 3, Avg: 11.0, Max: 16, Diff: 13, Sum: 44]
      [Scan RS (ms): Min: 0.3, Avg: 0.5, Max: 0.7, Diff: 0.4, Sum: 2.0]
      [Code Root Scanning (ms): Min: 0.0, Avg: 0.0, Max: 0.1, Diff: 0.1, Sum: 0.1]
      [Object Copy (ms): Min: 16.0, Avg: 16.0, Max: 16.1, Diff: 0.1, Sum: 64.2]
      [Termination (ms): Min: 0.0, Avg: 7.6, Max: 10.2, Diff: 10.2, Sum: 30.5]
         [Termination Attempts: Min: 1, Avg: 1.0, Max: 1, Diff: 0, Sum: 4]
      [GC Worker Other (ms): Min: 0.0, Avg: 0.0, Max: 0.0, Diff: 0.0, Sum: 0.1]
      [GC Worker Total (ms): Min: 20.1, Avg: 27.7, Max: 30.2, Diff: 10.1, Sum: 110.7]
      [GC Worker End (ms): Min: 986586.0, Avg: 986593.6, Max: 986596.1, Diff: 10.1]
   [Code Root Fixup: 0.2 ms]
   [Code Root Purge: 0.0 ms]
   [Clear CT: 0.2 ms]
   [Other: 8.1 ms]
      [Choose CSet: 0.0 ms]
      [Ref Proc: 7.6 ms]
      [Ref Enq: 0.0 ms]
      [Redirty Cards: 0.1 ms]
      [Humongous Register: 0.1 ms]
      [Humongous Reclaim: 0.0 ms]
      [Free CSet: 0.1 ms]
   [Eden: 119.0M(119.0M)->0.0B(42.0M) Survivors: 6144.0K->9216.0K Heap: 271.7M(1024.0M)->155.2M(1024.0M)]
 [Times: user=0.07 sys=0.00, real=0.04 secs] 
2017-04-29T15:53:34.112+0800: 1008.686: [GC pause (G1 Evacuation Pause) (young), 0.0205702 secs]
   [Parallel Time: 19.9 ms, GC Workers: 4]
      [GC Worker Start (ms): Min: 1008686.2, Avg: 1008686.2, Max: 1008686.2, Diff: 0.0]
      [Ext Root Scanning (ms): Min: 0.5, Avg: 0.5, Max: 0.5, Diff: 0.0, Sum: 2.1]
      [Update RS (ms): Min: 1.4, Avg: 1.5, Max: 1.7, Diff: 0.3, Sum: 5.9]
         [Processed Buffers: Min: 6, Avg: 10.5, Max: 19, Diff: 13, Sum: 42]
      [Scan RS (ms): Min: 0.9, Avg: 1.2, Max: 1.3, Diff: 0.4, Sum: 4.7]
      [Code Root Scanning (ms): Min: 0.0, Avg: 0.0, Max: 0.0, Diff: 0.0, Sum: 0.1]
      [Object Copy (ms): Min: 16.5, Avg: 16.6, Max: 16.6, Diff: 0.0, Sum: 66.3]
      [Termination (ms): Min: 0.0, Avg: 0.0, Max: 0.0, Diff: 0.0, Sum: 0.0]
         [Termination Attempts: Min: 1, Avg: 1.0, Max: 1, Diff: 0, Sum: 4]
      [GC Worker Other (ms): Min: 0.0, Avg: 0.0, Max: 0.0, Diff: 0.0, Sum: 0.1]
      [GC Worker Total (ms): Min: 19.8, Avg: 19.8, Max: 19.8, Diff: 0.0, Sum: 79.3]
      [GC Worker End (ms): Min: 1008706.0, Avg: 1008706.0, Max: 1008706.1, Diff: 0.0]
   [Code Root Fixup: 0.1 ms]
   [Code Root Purge: 0.0 ms]
   [Clear CT: 0.1 ms]
   [Other: 0.5 ms]
      [Choose CSet: 0.0 ms]
      [Ref Proc: 0.1 ms]
      [Ref Enq: 0.0 ms]
      [Redirty Cards: 0.1 ms]
      [Humongous Register: 0.0 ms]
      [Humongous Reclaim: 0.0 ms]
      [Free CSet: 0.0 ms]
   [Eden: 42.0M(42.0M)->0.0B(45.0M) Survivors: 9216.0K->6144.0K Heap: 197.2M(1024.0M)->157.1M(1024.0M)]
 [Times: user=0.08 sys=0.00, real=0.09 secs] 
2017-04-29T15:53:56.944+0800: 1031.518: [GC pause (G1 Evacuation Pause) (young), 0.0201740 secs]
   [Parallel Time: 19.4 ms, GC Workers: 4]
      [GC Worker Start (ms): Min: 1031518.6, Avg: 1031519.0, Max: 1031519.1, Diff: 0.5]
      [Ext Root Scanning (ms): Min: 0.3, Avg: 0.5, Max: 0.8, Diff: 0.5, Sum: 1.8]
      [Update RS (ms): Min: 3.0, Avg: 4.8, Max: 10.0, Diff: 7.0, Sum: 19.2]
         [Processed Buffers: Min: 2, Avg: 10.8, Max: 24, Diff: 22, Sum: 43]
      [Scan RS (ms): Min: 0.0, Avg: 1.8, Max: 2.4, Diff: 2.4, Sum: 7.2]
      [Code Root Scanning (ms): Min: 0.0, Avg: 0.0, Max: 0.0, Diff: 0.0, Sum: 0.0]
      [Object Copy (ms): Min: 8.3, Avg: 11.8, Max: 13.0, Diff: 4.7, Sum: 47.1]
      [Termination (ms): Min: 0.0, Avg: 0.1, Max: 0.2, Diff: 0.2, Sum: 0.4]
         [Termination Attempts: Min: 1, Avg: 1.0, Max: 1, Diff: 0, Sum: 4]
      [GC Worker Other (ms): Min: 0.0, Avg: 0.0, Max: 0.1, Diff: 0.1, Sum: 0.1]
      [GC Worker Total (ms): Min: 18.8, Avg: 19.0, Max: 19.3, Diff: 0.5, Sum: 75.9]
      [GC Worker End (ms): Min: 1031537.9, Avg: 1031537.9, Max: 1031538.0, Diff: 0.1]
   [Code Root Fixup: 0.1 ms]
   [Code Root Purge: 0.0 ms]
   [Clear CT: 0.1 ms]
   [Other: 0.6 ms]
      [Choose CSet: 0.0 ms]
      [Ref Proc: 0.2 ms]
      [Ref Enq: 0.0 ms]
      [Redirty Cards: 0.1 ms]
      [Humongous Register: 0.1 ms]
      [Humongous Reclaim: 0.0 ms]
      [Free CSet: 0.0 ms]
   [Eden: 45.0M(45.0M)->0.0B(47.0M) Survivors: 6144.0K->4096.0K Heap: 202.1M(1024.0M)->157.5M(1024.0M)]
 [Times: user=0.05 sys=0.01, real=0.02 secs] 
2017-04-29T15:54:22.561+0800: 1057.136: [GC pause (G1 Evacuation Pause) (young), 0.0126479 secs]
   [Parallel Time: 11.9 ms, GC Workers: 4]
      [GC Worker Start (ms): Min: 1057136.2, Avg: 1057136.2, Max: 1057136.2, Diff: 0.0]
      [Ext Root Scanning (ms): Min: 0.4, Avg: 0.5, Max: 0.5, Diff: 0.1, Sum: 1.8]
      [Update RS (ms): Min: 2.3, Avg: 2.4, Max: 2.6, Diff: 0.3, Sum: 9.6]
         [Processed Buffers: Min: 7, Avg: 11.5, Max: 23, Diff: 16, Sum: 46]
      [Scan RS (ms): Min: 1.2, Avg: 1.4, Max: 1.5, Diff: 0.4, Sum: 5.6]
      [Code Root Scanning (ms): Min: 0.0, Avg: 0.0, Max: 0.0, Diff: 0.0, Sum: 0.0]
      [Object Copy (ms): Min: 7.4, Avg: 7.5, Max: 7.5, Diff: 0.1, Sum: 30.0]
      [Termination (ms): Min: 0.0, Avg: 0.0, Max: 0.0, Diff: 0.0, Sum: 0.0]
         [Termination Attempts: Min: 1, Avg: 1.0, Max: 1, Diff: 0, Sum: 4]
      [GC Worker Other (ms): Min: 0.0, Avg: 0.0, Max: 0.1, Diff: 0.0, Sum: 0.2]
      [GC Worker Total (ms): Min: 11.8, Avg: 11.8, Max: 11.8, Diff: 0.1, Sum: 47.2]
      [GC Worker End (ms): Min: 1057148.0, Avg: 1057148.0, Max: 1057148.0, Diff: 0.0]
   [Code Root Fixup: 0.1 ms]
   [Code Root Purge: 0.0 ms]
   [Clear CT: 0.1 ms]
   [Other: 0.6 ms]
      [Choose CSet: 0.0 ms]
      [Ref Proc: 0.2 ms]
      [Ref Enq: 0.0 ms]
      [Redirty Cards: 0.1 ms]
      [Humongous Register: 0.0 ms]
      [Humongous Reclaim: 0.0 ms]
      [Free CSet: 0.1 ms]
   [Eden: 47.0M(47.0M)->0.0B(44.0M) Survivors: 4096.0K->7168.0K Heap: 204.5M(1024.0M)->160.5M(1024.0M)]
 [Times: user=0.05 sys=0.00, real=0.01 secs] 
2017-04-29T15:54:41.965+0800: 1076.540: [GC pause (G1 Evacuation Pause) (young), 0.0144290 secs]
   [Parallel Time: 13.5 ms, GC Workers: 4]
      [GC Worker Start (ms): Min: 1076540.6, Avg: 1076542.5, Max: 1076548.4, Diff: 7.8]
      [Ext Root Scanning (ms): Min: 0.0, Avg: 0.5, Max: 0.7, Diff: 0.7, Sum: 1.9]
      [Update RS (ms): Min: 0.0, Avg: 1.7, Max: 2.4, Diff: 2.3, Sum: 6.9]
         [Processed Buffers: Min: 0, Avg: 9.8, Max: 23, Diff: 23, Sum: 39]
      [Scan RS (ms): Min: 0.0, Avg: 1.1, Max: 1.4, Diff: 1.4, Sum: 4.2]
      [Code Root Scanning (ms): Min: 0.0, Avg: 0.0, Max: 0.0, Diff: 0.0, Sum: 0.0]
      [Object Copy (ms): Min: 5.5, Avg: 8.1, Max: 9.0, Diff: 3.5, Sum: 32.3]
      [Termination (ms): Min: 0.0, Avg: 0.1, Max: 0.2, Diff: 0.2, Sum: 0.5]
         [Termination Attempts: Min: 1, Avg: 1.0, Max: 1, Diff: 0, Sum: 4]
      [GC Worker Other (ms): Min: 0.0, Avg: 0.0, Max: 0.0, Diff: 0.0, Sum: 0.1]
      [GC Worker Total (ms): Min: 5.7, Avg: 11.5, Max: 13.5, Diff: 7.8, Sum: 46.0]
      [GC Worker End (ms): Min: 1076554.0, Avg: 1076554.0, Max: 1076554.1, Diff: 0.0]
   [Code Root Fixup: 0.1 ms]
   [Code Root Purge: 0.0 ms]
   [Clear CT: 0.1 ms]
   [Other: 0.7 ms]
      [Choose CSet: 0.0 ms]
      [Ref Proc: 0.2 ms]
      [Ref Enq: 0.0 ms]
      [Redirty Cards: 0.1 ms]
      [Humongous Register: 0.0 ms]
      [Humongous Reclaim: 0.0 ms]
      [Free CSet: 0.1 ms]
   [Eden: 44.0M(44.0M)->0.0B(102.0M) Survivors: 7168.0K->4096.0K Heap: 204.5M(1024.0M)->159.4M(1024.0M)]
 [Times: user=0.04 sys=0.00, real=0.02 secs] 
2017-04-29T15:55:08.678+0800: 1103.254: [GC pause (G1 Evacuation Pause) (young), 0.0123770 secs]
   [Parallel Time: 11.8 ms, GC Workers: 4]
      [GC Worker Start (ms): Min: 1103254.3, Avg: 1103254.4, Max: 1103254.4, Diff: 0.1]
      [Ext Root Scanning (ms): Min: 0.6, Avg: 0.7, Max: 0.7, Diff: 0.1, Sum: 2.7]
      [Update RS (ms): Min: 3.0, Avg: 3.2, Max: 3.3, Diff: 0.3, Sum: 12.7]
         [Processed Buffers: Min: 4, Avg: 9.8, Max: 16, Diff: 12, Sum: 39]
      [Scan RS (ms): Min: 2.1, Avg: 2.2, Max: 2.4, Diff: 0.2, Sum: 8.8]
      [Code Root Scanning (ms): Min: 0.0, Avg: 0.0, Max: 0.0, Diff: 0.0, Sum: 0.0]
      [Object Copy (ms): Min: 5.6, Avg: 5.6, Max: 5.6, Diff: 0.1, Sum: 22.3]
      [Termination (ms): Min: 0.0, Avg: 0.0, Max: 0.0, Diff: 0.0, Sum: 0.0]
         [Termination Attempts: Min: 1, Avg: 1.0, Max: 1, Diff: 0, Sum: 4]
      [GC Worker Other (ms): Min: 0.0, Avg: 0.0, Max: 0.1, Diff: 0.0, Sum: 0.2]
      [GC Worker Total (ms): Min: 11.6, Avg: 11.7, Max: 11.7, Diff: 0.1, Sum: 46.8]
      [GC Worker End (ms): Min: 1103266.1, Avg: 1103266.1, Max: 1103266.1, Diff: 0.0]
   [Code Root Fixup: 0.1 ms]
   [Code Root Purge: 0.0 ms]
   [Clear CT: 0.1 ms]
   [Other: 0.5 ms]
      [Choose CSet: 0.0 ms]
      [Ref Proc: 0.1 ms]
      [Ref Enq: 0.0 ms]
      [Redirty Cards: 0.1 ms]
      [Humongous Register: 0.0 ms]
      [Humongous Reclaim: 0.0 ms]
      [Free CSet: 0.1 ms]
   [Eden: 47.0M(47.0M)->0.0B(159.0M) Survivors: 4096.0K->5120.0K Heap: 206.4M(1024.0M)->159.9M(1024.0M)]
 [Times: user=0.04 sys=0.00, real=0.03 secs] 
2017-04-29T15:56:25.377+0800: 1179.955: [GC pause (G1 Evacuation Pause) (young), 0.0176117 secs]
   [Parallel Time: 16.7 ms, GC Workers: 4]
      [GC Worker Start (ms): Min: 1179954.7, Avg: 1179954.8, Max: 1179954.8, Diff: 0.1]
      [Ext Root Scanning (ms): Min: 0.7, Avg: 0.7, Max: 0.8, Diff: 0.1, Sum: 2.8]
      [Update RS (ms): Min: 2.7, Avg: 2.7, Max: 2.8, Diff: 0.1, Sum: 10.9]
         [Processed Buffers: Min: 3, Avg: 10.2, Max: 23, Diff: 20, Sum: 41]
      [Scan RS (ms): Min: 1.8, Avg: 1.8, Max: 1.8, Diff: 0.0, Sum: 7.2]
      [Code Root Scanning (ms): Min: 0.0, Avg: 0.0, Max: 0.0, Diff: 0.0, Sum: 0.0]
      [Object Copy (ms): Min: 11.2, Avg: 11.3, Max: 11.4, Diff: 0.1, Sum: 45.0]
      [Termination (ms): Min: 0.0, Avg: 0.1, Max: 0.2, Diff: 0.2, Sum: 0.4]
         [Termination Attempts: Min: 1, Avg: 1.0, Max: 1, Diff: 0, Sum: 4]
      [GC Worker Other (ms): Min: 0.0, Avg: 0.0, Max: 0.0, Diff: 0.0, Sum: 0.1]
      [GC Worker Total (ms): Min: 16.6, Avg: 16.6, Max: 16.7, Diff: 0.1, Sum: 66.5]
      [GC Worker End (ms): Min: 1179971.4, Avg: 1179971.4, Max: 1179971.4, Diff: 0.1]
   [Code Root Fixup: 0.1 ms]
   [Code Root Purge: 0.0 ms]
   [Clear CT: 0.1 ms]
   [Other: 0.7 ms]
      [Choose CSet: 0.0 ms]
      [Ref Proc: 0.3 ms]
      [Ref Enq: 0.0 ms]
      [Redirty Cards: 0.1 ms]
      [Humongous Register: 0.0 ms]
      [Humongous Reclaim: 0.0 ms]
      [Free CSet: 0.1 ms]
   [Eden: 149.0M(71.0M)->0.0B(147.0M) Survivors: 5120.0K->9216.0K Heap: 308.9M(1024.0M)->163.8M(1024.0M)]
 [Times: user=0.06 sys=0.00, real=0.05 secs] 
2017-04-29T15:57:34.604+0800: 1249.184: [GC pause (G1 Evacuation Pause) (young), 0.0296765 secs]
   [Parallel Time: 28.6 ms, GC Workers: 4]
      [GC Worker Start (ms): Min: 1249184.0, Avg: 1249186.9, Max: 1249193.9, Diff: 9.9]
      [Ext Root Scanning (ms): Min: 0.0, Avg: 0.5, Max: 1.0, Diff: 1.0, Sum: 2.0]
      [Update RS (ms): Min: 0.0, Avg: 2.2, Max: 3.2, Diff: 3.2, Sum: 8.8]
         [Processed Buffers: Min: 0, Avg: 11.0, Max: 28, Diff: 28, Sum: 44]
      [Scan RS (ms): Min: 0.0, Avg: 1.1, Max: 1.6, Diff: 1.5, Sum: 4.5]
      [Code Root Scanning (ms): Min: 0.0, Avg: 0.0, Max: 0.0, Diff: 0.0, Sum: 0.0]
      [Object Copy (ms): Min: 17.9, Avg: 21.1, Max: 22.3, Diff: 4.3, Sum: 84.4]
      [Termination (ms): Min: 0.0, Avg: 0.2, Max: 0.7, Diff: 0.7, Sum: 0.9]
         [Termination Attempts: Min: 1, Avg: 1.5, Max: 3, Diff: 2, Sum: 6]
      [GC Worker Other (ms): Min: 0.0, Avg: 0.0, Max: 0.0, Diff: 0.0, Sum: 0.1]
      [GC Worker Total (ms): Min: 18.0, Avg: 25.2, Max: 27.9, Diff: 9.9, Sum: 100.6]
      [GC Worker End (ms): Min: 1249211.9, Avg: 1249212.0, Max: 1249212.5, Diff: 0.6]
   [Code Root Fixup: 0.2 ms]
   [Code Root Purge: 0.0 ms]
   [Clear CT: 0.1 ms]
   [Other: 0.8 ms]
      [Choose CSet: 0.0 ms]
      [Ref Proc: 0.3 ms]
      [Ref Enq: 0.0 ms]
      [Redirty Cards: 0.1 ms]
      [Humongous Register: 0.1 ms]
      [Humongous Reclaim: 0.0 ms]
      [Free CSet: 0.1 ms]
   [Eden: 147.0M(147.0M)->0.0B(42.0M) Survivors: 9216.0K->9216.0K Heap: 310.8M(1024.0M)->163.9M(1024.0M)]
 [Times: user=0.07 sys=0.00, real=0.04 secs] 
