Java HotSpot(TM) 64-Bit Server VM (25.131-b11) for bsd-amd64 JRE (1.8.0_131-b11), built on Mar 15 2017 01:32:22 by "java_re" with gcc 4.2.1 (Based on Apple Inc. build 5658) (LLVM build 2336.11.00)
Memory: 4k page, physical 4194304k(1867612k free)

/proc/meminfo:

CommandLine flags: -XX:+DisableExplicitGC -XX:InitialHeapSize=536870912 -XX:InitiatingHeapOccupancyPercent=35 -XX:+ManagementServer -XX:MaxGCPauseMillis=20 -XX:MaxHeapSize=536870912 -XX:+PrintGC -XX:+PrintGCDateStamps -XX:+PrintGCDetails -XX:+PrintGCTimeStamps -XX:+UseCompressedClassPointers -XX:+UseCompressedOops -XX:+UseG1GC 
2017-04-29T19:51:11.408+0800: 47.372: [GC pause (G1 Evacuation Pause) (young), 0.0144761 secs]
   [Parallel Time: 11.7 ms, GC Workers: 4]
      [GC Worker Start (ms): Min: 47372.2, Avg: 47374.2, Max: 47377.3, Diff: 5.1]
      [Ext Root Scanning (ms): Min: 0.0, Avg: 0.9, Max: 2.0, Diff: 2.0, Sum: 3.7]
      [Update RS (ms): Min: 0.0, Avg: 0.0, Max: 0.0, Diff: 0.0, Sum: 0.0]
         [Processed Buffers: Min: 0, Avg: 0.0, Max: 0, Diff: 0, Sum: 0]
      [Scan RS (ms): Min: 0.0, Avg: 0.0, Max: 0.0, Diff: 0.0, Sum: 0.0]
      [Code Root Scanning (ms): Min: 0.0, Avg: 0.8, Max: 2.2, Diff: 2.2, Sum: 3.3]
      [Object Copy (ms): Min: 2.6, Avg: 6.9, Max: 8.8, Diff: 6.2, Sum: 27.4]
      [Termination (ms): Min: 0.0, Avg: 0.1, Max: 0.1, Diff: 0.1, Sum: 0.4]
         [Termination Attempts: Min: 1, Avg: 1.0, Max: 1, Diff: 0, Sum: 4]
      [GC Worker Other (ms): Min: 0.0, Avg: 1.0, Max: 3.8, Diff: 3.8, Sum: 3.9]
      [GC Worker Total (ms): Min: 6.5, Avg: 9.7, Max: 11.6, Diff: 5.1, Sum: 38.8]
      [GC Worker End (ms): Min: 47383.8, Avg: 47383.8, Max: 47383.9, Diff: 0.0]
   [Code Root Fixup: 0.4 ms]
   [Code Root Purge: 0.0 ms]
   [Clear CT: 0.1 ms]
   [Other: 2.3 ms]
      [Choose CSet: 0.0 ms]
      [Ref Proc: 1.9 ms]
      [Ref Enq: 0.0 ms]
      [Redirty Cards: 0.1 ms]
      [Humongous Register: 0.0 ms]
      [Humongous Reclaim: 0.0 ms]
      [Free CSet: 0.1 ms]
   [Eden: 25.0M(25.0M)->0.0B(21.0M) Survivors: 0.0B->4096.0K Heap: 25.0M(512.0M)->4057.0K(512.0M)]
 [Times: user=0.02 sys=0.01, real=0.02 secs] 
2017-04-29T20:17:09.638+0800: 1605.648: [GC pause (G1 Evacuation Pause) (young), 0.0361147 secs]
   [Parallel Time: 32.6 ms, GC Workers: 4]
      [GC Worker Start (ms): Min: 1605649.9, Avg: 1605650.3, Max: 1605650.8, Diff: 0.9]
      [Ext Root Scanning (ms): Min: 3.8, Avg: 6.2, Max: 11.9, Diff: 8.1, Sum: 24.7]
      [Update RS (ms): Min: 0.0, Avg: 0.0, Max: 0.0, Diff: 0.0, Sum: 0.0]
         [Processed Buffers: Min: 0, Avg: 0.0, Max: 0, Diff: 0, Sum: 0]
      [Scan RS (ms): Min: 0.0, Avg: 0.0, Max: 0.0, Diff: 0.0, Sum: 0.1]
      [Code Root Scanning (ms): Min: 0.0, Avg: 4.3, Max: 13.7, Diff: 13.7, Sum: 17.4]
      [Object Copy (ms): Min: 13.4, Avg: 20.8, Max: 25.4, Diff: 12.0, Sum: 83.3]
      [Termination (ms): Min: 0.5, Avg: 0.6, Max: 0.7, Diff: 0.2, Sum: 2.4]
         [Termination Attempts: Min: 31, Avg: 36.8, Max: 42, Diff: 11, Sum: 147]
      [GC Worker Other (ms): Min: 0.0, Avg: 0.1, Max: 0.2, Diff: 0.2, Sum: 0.4]
      [GC Worker Total (ms): Min: 31.5, Avg: 32.1, Max: 32.4, Diff: 0.9, Sum: 128.4]
      [GC Worker End (ms): Min: 1605682.4, Avg: 1605682.4, Max: 1605682.4, Diff: 0.0]
   [Code Root Fixup: 0.4 ms]
   [Code Root Purge: 0.2 ms]
   [Clear CT: 0.1 ms]
   [Other: 2.8 ms]
      [Choose CSet: 0.0 ms]
      [Ref Proc: 0.2 ms]
      [Ref Enq: 0.0 ms]
      [Redirty Cards: 0.1 ms]
      [Humongous Register: 1.5 ms]
      [Humongous Reclaim: 0.0 ms]
      [Free CSet: 0.3 ms]
   [Eden: 21.0M(21.0M)->0.0B(22.0M) Survivors: 4096.0K->3072.0K Heap: 25.0M(512.0M)->4994.0K(512.0M)]
 [Times: user=0.03 sys=0.07, real=0.19 secs] 
Heap
 garbage-first heap   total 524288K, used 16257K [0x00000007a0000000, 0x00000007a0101000, 0x00000007c0000000)
  region size 1024K, 15 young (15360K), 3 survivors (3072K)
 Metaspace       used 10585K, capacity 10760K, committed 11136K, reserved 1058816K
  class space    used 1208K, capacity 1282K, committed 1408K, reserved 1048576K
